> Home page
> Why choose us
> Best Sellers
> Get to know Flashoot
> Pricing Plans
> What our loving Customers say
> Got Questions
> downloading the Flash App
> Footer

>> Home page
- Header
  = Logo
  = Navigation (For home, discover, partner, our journey)
  = get App
  = Contact us
- body of Header
  = WORLD'S FIRST QUICK CONTENT SERVICE We Shoot • Edit • Deliver Reels in 10 Minutes*
  = Phone image with some animatino
  = Shoot by iphone • Backed by ISB • Reel Maker
  = Book Now • Become a Partner
  = Stats
  = Featured in

>> Why choose us
= Not Just Instant Delivery, But..
= 6 Reasons with some animation

>> Best Sellers
= Hourly Plan
= Half-Day Plan

>> Get to know Flashoot
= Heading (Features That Make Us Stand Out)
= Features with a sliding effect

>> Pricing Plans
= Wedding Packages
= Corporate Package

>> What our loving Customers say
= Reviews of the customers with sliding effect

>> Got Questions
= Some Questions

>> downloading the Flash App
= 

> Footer
= footer with some links